#-----------------------------------------------------------
# Vivado v2025.1 (64-bit)
# SW Build 6140274 on Wed May 21 22:58:25 MDT 2025
# IP Build 6138677 on Thu May 22 03:10:11 MDT 2025
# SharedData Build 6139179 on Tue May 20 17:58:58 MDT 2025
# Start of session at: Sun Jan 11 14:55:12 2026
# Process ID         : 23706
# Current directory  : /home/szymon/Desktop/PBAWIZ/Gauss/HLS/gauss_filter/GaussianFilter/hls/impl/vhdl/project.runs/synth_1
# Command line       : vivado -log bd_0_wrapper.vds -product Vivado -mode batch -messageDb vivado.pb -notrace -source bd_0_wrapper.tcl
# Log file           : /home/szymon/Desktop/PBAWIZ/Gauss/HLS/gauss_filter/GaussianFilter/hls/impl/vhdl/project.runs/synth_1/bd_0_wrapper.vds
# Journal file       : /home/szymon/Desktop/PBAWIZ/Gauss/HLS/gauss_filter/GaussianFilter/hls/impl/vhdl/project.runs/synth_1/vivado.jou
# Running On         : szymon
# Platform           : Ubuntu
# Operating System   : Ubuntu 24.04.3 LTS
# Processor Detail   : AMD Ryzen 7 4700U with Radeon Graphics
# CPU Frequency      : 1823.035 MHz
# CPU Physical cores : 8
# CPU Logical cores  : 8
# Host memory        : 16157 MB
# Swap memory        : 4294 MB
# Total Virtual      : 20452 MB
# Available Virtual  : 10887 MB
#-----------------------------------------------------------
source bd_0_wrapper.tcl -notrace
